// Jest Snapshot v1, https://goo.gl/fbAQLP

exports[`renders correctly enzyme 1`] = `
<span>
  Soon, will be here a fantastic Tetris ...
</span>
`;

exports[`tests components render properly tests Test 1`] = `<Test />`;
